<?xml version="1.0" encoding="UTF-8"?>
<testsuites name="jest tests" tests="1" failures="0" time="1.161">
  <testsuite name="undefined" errors="0" failures="0" skipped="0" timestamp="2020-02-16T22:10:22" time="1.058" tests="1">
    <testcase classname=" adds 1 + 2 to equal 3" name=" adds 1 + 2 to equal 3" time="0.007">
    </testcase>
  </testsuite>
</testsuites>